 git clone https://github.com/kajalsawale/Hello_World
Cloning into 'Hello_World'...
warning: You appear to have cloned an empty repository.
(base) prashant@prashant-Inspiron-5567:~/test$ git branch Prashant
fatal: not a git repository (or any of the parent directories): .git
(base) prashant@prashant-Inspiron-5567:~/test$ git init
Initialized empty Git repository in /home/prashant/test/.git/



(base) prashant@prashant-Inspiron-5567:~/test$ gedit hello.txt
(base) prashant@prashant-Inspiron-5567:~/test$ git add .
(base) prashant@prashant-Inspiron-5567:~/test$ git commit -m "First commit"
[master (root-commit) 3935b31] First commit
 1 file changed, 1 insertion(+)
 create mode 100644 hello.txt






git remote add origin 'git@github.com:kajalsawale/Hello_World.git'

(base) prashant@prashant-Inspiron-5567:~/test$ git push --set-upstream origin master

Counting objects: 3, done.
Writing objects: 100% (3/3), 225 bytes | 112.00 KiB/s, done.
Total 3 (delta 0), reused 0 (delta 0)
To github.com:kajalsawale/Hello_World.git
 * [new branch]      master -> master
Branch 'master' set up to track remote branch 'master' from 'origin'.


(base) prashant@prashant-Inspiron-5567:~/test$ git branch Prashant

(base) prashant@prashant-Inspiron-5567:~/test$ git checkout Prashant 
Switched to branch 'Prashant'
(base) prashant@prashant-Inspiron-5567:~/test$ git add .
(base) prashant@prashant-Inspiron-5567:~/test$ git commit -m "First Commit"
On branch Prashant
nothing to commit, working tree clean
(base) prashant@prashant-Inspiron-5567:~/test$ git push
fatal: The current branch Prashant has no upstream branch.
To push the current branch and set the remote as upstream, use

    git push --set-upstream origin Prashant

(base) prashant@prashant-Inspiron-5567:~/test$ git push --set-upstream origin Prashant

Total 0 (delta 0), reused 0 (delta 0)
remote: 
remote: Create a pull request for 'Prashant' on GitHub by visiting:
remote:      https://github.com/kajalsawale/Hello_World/pull/new/Prashant
remote: 
To github.com:kajalsawale/Hello_World.git
 * [new branch]      Prashant -> Prashant
Branch 'Prashant' set up to track remote branch 'Prashant' from 'origin'.
(base) prashant@prashant-Inspiron-5567:~/test$ 
(base) prashant@prashant-Inspiron-5567:~/test$ gedit file.txt
(base) prashant@prashant-Inspiron-5567:~/test$ git add file.txt 
(base) prashant@prashant-Inspiron-5567:~/test$ git commit -m "Adding new File"
[Prashant 28ab692] Adding new File
 1 file changed, 1 insertion(+)
 create mode 100644 file.txt
(base) prashant@prashant-Inspiron-5567:~/test$ git push
Warning: Permanently added the RSA host key for IP address '13.234.210.38' to the list of known hosts.
Counting objects: 3, done.
Delta compression using up to 4 threads.
Compressing objects: 100% (2/2), done.
Writing objects: 100% (3/3), 294 bytes | 294.00 KiB/s, done.
Total 3 (delta 0), reused 0 (delta 0)
To github.com:kajalsawale/Hello_World.git
   3935b31..28ab692  Prashant -> Prashant
(base) prashant@prashant-Inspiron-5567:~/test$ git checkout master 
Switched to branch 'master'
Your branch is up to date with 'origin/master'.
(base) prashant@prashant-Inspiron-5567:~/test$ git merge
Already up to date.
(base) prashant@prashant-Inspiron-5567:~/test$ git diff master..Prashant
diff --git a/file.txt b/file.txt
new file mode 100644
index 0000000..802992c
--- /dev/null
+++ b/file.txt
@@ -0,0 +1 @@
+Hello world
(base) prashant@prashant-Inspiron-5567:~/test$ git diff master...Prashant
diff --git a/file.txt b/file.txt
new file mode 100644
index 0000000..802992c
--- /dev/null
+++ b/file.txt
@@ -0,0 +1 @@
+Hello world
(base) prashant@prashant-Inspiron-5567:~/test$ git log master..Prashant
commit 28ab692d52581f97746cccbe8be707c0ae3a72c5 (origin/Prashant, Prashant)
Author: Prashant Dalvi <dalviprashant0907@gmail.com>
Date:   Thu Jun 18 19:33:53 2020 +0530

    Adding new File
(base) prashant@prashant-Inspiron-5567:~/test$ git branch
  Prashant
* master
(base) prashant@prashant-Inspiron-5567:~/test$ git checkout Prashant 
Switched to branch 'Prashant'
Your branch is up to date with 'origin/Prashant'.
(base) prashant@prashant-Inspiron-5567:~/test$ git checkout master 
Switched to branch 'master'
Your branch is up to date with 'origin/master'.
(base) prashant@prashant-Inspiron-5567:~/test$ git merge Prashant 
Updating 3935b31..28ab692
Fast-forward
 file.txt | 1 +
 1 file changed, 1 insertion(+)
 create mode 100644 file.txt
(base) prashant@prashant-Inspiron-5567:~/test$ git log master..Prashant 
(base) prashant@prashant-Inspiron-5567:~/test$ git push
Total 0 (delta 0), reused 0 (delta 0)
To github.com:kajalsawale/Hello_World.git
   3935b31..28ab692  master -> master
(base) prashant@prashant-Inspiron-5567:~/test$ 

